// Jest Snapshot v1, https://goo.gl/fbAQLP

exports[`Tests on <TodoAdd /> Should render correctly 1`] = `
<Fragment>
  <h4>
    Agregar ToDo
  </h4>
  <hr />
  <form
    className="d-grid gap-2"
    onSubmit={[Function]}
  >
    <input
      autocomplete="off"
      className="form-control"
      name="desc"
      onChange={[Function]}
      placeholder="Aprender..."
      type="text"
      value=""
    />
    <button
      className="btn btn-outline-primary mt-1"
      type="submit"
    >
      Agregar
    </button>
  </form>
</Fragment>
`;
